
> history-brain@0.1.0 dev /workspace/history-brain
> next dev

⚠ You are using a non-standard "NODE_ENV" value in your environment. This creates inconsistencies in the project and is strongly advised against. Read more: https://nextjs.org/docs/messages/non-standard-node-env
▲ Next.js 16.2.3 (Turbopack)
- Local:         http://localhost:3000
- Network:       http://172.24.0.9:3000
- Environments: .env
✓ Ready in 375ms
⚠ Warning: Next.js inferred your workspace root, but it may not be correct.
 We detected multiple lockfiles and selected the directory of /workspace/pnpm-lock.yaml as the root directory.
 To silence this warning, set `turbopack.root` in your Next.js config, or consider removing one of the lockfiles if it's not needed.
   See https://nextjs.org/docs/app/api-reference/config/next-config-js/turbopack#root-directory for more information.
 Detected additional lockfiles: 
   * /workspace/history-brain/pnpm-workspace.yaml

Attention: Next.js now collects completely anonymous telemetry regarding usage.
This information is used to shape Next.js' roadmap and prioritize features.
You can learn more, including how to opt-out if you'd not like to participate in this anonymous program, by visiting the following URL:
https://nextjs.org/telemetry


  We detected TypeScript in your project and reconfigured your tsconfig.json file for you.
  The following suggested values were added to your tsconfig.json. These values can be changed to fit your project's needs:

  	- include was updated to add '.next/dev/dev/types/**/*.ts'


 GET / 200 in 2.6s (next.js: 2.4s, application-code: 252ms)
⚠ Found a change in next.config.ts. Restarting the server to apply the changes...
▲ Next.js 16.2.3 (Turbopack)
- Local:         http://localhost:3000
- Network:       http://172.24.0.9:3000
- Environments: .env
✓ Ready in 252ms
⚠ Warning: Next.js inferred your workspace root, but it may not be correct.
 We detected multiple lockfiles and selected the directory of /workspace/pnpm-lock.yaml as the root directory.
 To silence this warning, set `turbopack.root` in your Next.js config, or consider removing one of the lockfiles if it's not needed.
   See https://nextjs.org/docs/app/api-reference/config/next-config-js/turbopack#root-directory for more information.
 Detected additional lockfiles: 
   * /workspace/history-brain/pnpm-workspace.yaml

- Experiments (use with caution):
  · serverActions

 GET / 200 in 391ms (next.js: 145ms, application-code: 246ms)
 GET / 200 in 52ms (next.js: 3ms, application-code: 49ms)
[?25h
 ELIFECYCLE  Command failed with exit code 143.
